0 verbose cli /data/data/com.termux/files/usr/bin/node /data/data/com.termux/files/usr/bin/npm
1 info using npm@11.19.1
2 info using node@v26.4.0
3 silly config load:file:/data/data/com.termux/files/usr/lib/node_modules/npm/npmrc
4 silly config load:file:/data/data/com.termux/files/home/.npmrc
5 silly config load:file:/data/data/com.termux/files/usr/etc/npmrc
6 verbose title npm init @capacitor/app
7 verbose argv "init" "@capacitor/app"
8 verbose logfile logs-max:10 dir:/data/data/com.termux/files/home/.npm/_logs/2026-09-22T11_03_14_419Z-
9 verbose logfile /data/data/com.termux/files/home/.npm/_logs/2026-09-22T11_03_14_419Z-debug-0.log
10 silly logfile done cleaning log files
11 silly packumentCache heap:1174405120 maxSize:293601280 maxEntrySize:146800640
12 http fetch GET 200 https://registry.npmjs.org/npm 1247ms
13 http fetch GET 200 https://registry.npmjs.org/@capacitor%2fcreate-app 1303ms (cache miss)
14 silly packumentCache heap:1174405120 maxSize:293601280 maxEntrySize:146800640
15 silly idealTree buildDeps
16 silly fetch manifest @capacitor/create-app@0.5.1
17 silly packumentCache full:https://registry.npmjs.org/@capacitor%2fcreate-app cache-miss
18 http fetch GET 200 https://registry.npmjs.org/@capacitor%2fcreate-app 617ms (cache miss)
19 silly packumentCache full:https://registry.npmjs.org/@capacitor%2fcreate-app set size:undefined disposed:false
20 silly placeDep ROOT @capacitor/create-app@0.5.1 OK for:  want: 0.5.1
21 silly fetch manifest tar@^7.5.7
22 silly packumentCache full:https://registry.npmjs.org/tar cache-miss
23 silly fetch manifest debug@^4.4.3
24 silly packumentCache full:https://registry.npmjs.org/debug cache-miss
25 silly fetch manifest kleur@^4.1.5
26 silly packumentCache full:https://registry.npmjs.org/kleur cache-miss
27 silly fetch manifest tslib@^2.8.1
28 silly packumentCache full:https://registry.npmjs.org/tslib cache-miss
29 silly fetch manifest prompts@^2.4.2
30 silly packumentCache full:https://registry.npmjs.org/prompts cache-miss
31 silly fetch manifest mustache@^4.2.0
32 silly packumentCache full:https://registry.npmjs.org/mustache cache-miss
33 http fetch GET 200 https://registry.npmjs.org/debug 346ms (cache miss)
34 silly packumentCache full:https://registry.npmjs.org/debug set size:undefined disposed:false
35 http fetch GET 200 https://registry.npmjs.org/tar 363ms (cache miss)
36 silly packumentCache full:https://registry.npmjs.org/tar set size:undefined disposed:false
37 http fetch GET 200 https://registry.npmjs.org/kleur 603ms (cache miss)
38 silly packumentCache full:https://registry.npmjs.org/kleur set size:undefined disposed:false
39 http fetch GET 200 https://registry.npmjs.org/tslib 611ms (cache miss)
40 silly packumentCache full:https://registry.npmjs.org/tslib set size:undefined disposed:false
41 http fetch GET 200 https://registry.npmjs.org/prompts 628ms (cache miss)
42 silly packumentCache full:https://registry.npmjs.org/prompts set size:undefined disposed:false
43 http fetch GET 200 https://registry.npmjs.org/mustache 647ms (cache miss)
44 silly packumentCache full:https://registry.npmjs.org/mustache set size:undefined disposed:false
45 silly placeDep ROOT debug@4.4.3 OK for: @capacitor/create-app@0.5.1 want: ^4.4.3
46 silly placeDep ROOT kleur@4.1.5 OK for: @capacitor/create-app@0.5.1 want: ^4.1.5
47 silly placeDep ROOT mustache@4.2.0 OK for: @capacitor/create-app@0.5.1 want: ^4.2.0
48 silly placeDep ROOT prompts@2.4.2 OK for: @capacitor/create-app@0.5.1 want: ^2.4.2
49 silly placeDep ROOT tar@7.5.22 OK for: @capacitor/create-app@0.5.1 want: ^7.5.7
50 silly placeDep ROOT tslib@2.8.1 OK for: @capacitor/create-app@0.5.1 want: ^2.8.1
51 silly fetch manifest ms@^2.1.3
52 silly packumentCache full:https://registry.npmjs.org/ms cache-miss
53 silly fetch manifest kleur@^3.0.3
54 silly packumentCache full:https://registry.npmjs.org/kleur cache-miss
55 silly fetch manifest sisteransi@^1.0.5
56 silly packumentCache full:https://registry.npmjs.org/sisteransi cache-miss
57 silly fetch manifest chownr@^3.0.0
58 silly packumentCache full:https://registry.npmjs.org/chownr cache-miss
59 silly fetch manifest yallist@^5.0.0
60 silly packumentCache full:https://registry.npmjs.org/yallist cache-miss
61 silly fetch manifest minipass@^7.1.2
62 silly packumentCache full:https://registry.npmjs.org/minipass cache-miss
63 silly fetch manifest minizlib@^3.1.0
64 silly packumentCache full:https://registry.npmjs.org/minizlib cache-miss
65 http cache https://registry.npmjs.org/kleur 42ms (cache hit)
66 silly packumentCache full:https://registry.npmjs.org/kleur set size:61853 disposed:false
67 silly fetch manifest @isaacs/fs-minipass@^4.0.0
68 silly packumentCache full:https://registry.npmjs.org/@isaacs%2ffs-minipass cache-miss
69 http fetch GET 200 https://registry.npmjs.org/ms 228ms (cache miss)
70 silly packumentCache full:https://registry.npmjs.org/ms set size:undefined disposed:false
71 http fetch GET 200 https://registry.npmjs.org/yallist 231ms (cache miss)
72 silly packumentCache full:https://registry.npmjs.org/yallist set size:undefined disposed:false
73 http fetch GET 200 https://registry.npmjs.org/chownr 236ms (cache miss)
74 silly packumentCache full:https://registry.npmjs.org/chownr set size:undefined disposed:false
75 http fetch GET 200 https://registry.npmjs.org/minizlib 241ms (cache miss)
76 silly packumentCache full:https://registry.npmjs.org/minizlib set size:undefined disposed:false
77 http fetch GET 200 https://registry.npmjs.org/sisteransi 252ms (cache miss)
78 silly packumentCache full:https://registry.npmjs.org/sisteransi set size:undefined disposed:false
79 http fetch GET 200 https://registry.npmjs.org/minipass 277ms (cache miss)
80 silly packumentCache full:https://registry.npmjs.org/minipass set size:undefined disposed:false
81 http fetch GET 200 https://registry.npmjs.org/@isaacs%2ffs-minipass 458ms (cache miss)
82 silly packumentCache full:https://registry.npmjs.org/@isaacs%2ffs-minipass set size:undefined disposed:false
83 silly placeDep ROOT ms@2.1.3 OK for: debug@4.4.3 want: ^2.1.3
84 silly placeDep node_modules/prompts kleur@3.0.3 OK for: prompts@2.4.2 want: ^3.0.3
85 silly placeDep ROOT sisteransi@1.0.5 OK for: prompts@2.4.2 want: ^1.0.5
86 silly placeDep ROOT @isaacs/fs-minipass@4.0.1 OK for: tar@7.5.22 want: ^4.0.0
87 silly placeDep ROOT chownr@3.0.0 OK for: tar@7.5.22 want: ^3.0.0
88 silly placeDep ROOT minipass@7.1.3 OK for: tar@7.5.22 want: ^7.1.2
89 silly placeDep ROOT minizlib@3.1.0 OK for: tar@7.5.22 want: ^3.1.0
90 silly placeDep ROOT yallist@5.0.0 OK for: tar@7.5.22 want: ^5.0.0
91 silly fetch manifest minipass@^7.0.4
92 silly packumentCache full:https://registry.npmjs.org/minipass cache-miss
93 http cache https://registry.npmjs.org/minipass 11ms (cache hit)
94 silly packumentCache full:https://registry.npmjs.org/minipass set size:276925 disposed:false
95 silly reify moves {}
96 silly audit bulk request {
96 silly audit   '@capacitor/create-app': [ '0.5.1' ],
96 silly audit   debug: [ '4.4.3' ],
96 silly audit   kleur: [ '4.1.5', '3.0.3' ],
96 silly audit   mustache: [ '4.2.0' ],
96 silly audit   prompts: [ '2.4.2' ],
96 silly audit   tar: [ '7.5.22' ],
96 silly audit   tslib: [ '2.8.1' ],
96 silly audit   ms: [ '2.1.3' ],
96 silly audit   sisteransi: [ '1.0.5' ],
96 silly audit   '@isaacs/fs-minipass': [ '4.0.1' ],
96 silly audit   chownr: [ '3.0.0' ],
96 silly audit   minipass: [ '7.1.3' ],
96 silly audit   minizlib: [ '3.1.0' ],
96 silly audit   yallist: [ '5.0.0' ]
96 silly audit }
97 http cache minizlib@https://registry.npmjs.org/minizlib/-/minizlib-3.1.0.tgz 0ms (cache hit)
98 http cache minipass@https://registry.npmjs.org/minipass/-/minipass-7.1.3.tgz 0ms (cache hit)
99 http cache chownr@https://registry.npmjs.org/chownr/-/chownr-3.0.0.tgz 0ms (cache hit)
100 http cache yallist@https://registry.npmjs.org/yallist/-/yallist-5.0.0.tgz 0ms (cache hit)
101 http cache @isaacs/fs-minipass@https://registry.npmjs.org/@isaacs/fs-minipass/-/fs-minipass-4.0.1.tgz 0ms (cache hit)
102 http cache sisteransi@https://registry.npmjs.org/sisteransi/-/sisteransi-1.0.5.tgz 0ms (cache hit)
103 http cache ms@https://registry.npmjs.org/ms/-/ms-2.1.3.tgz 0ms (cache hit)
104 http cache tslib@https://registry.npmjs.org/tslib/-/tslib-2.8.1.tgz 0ms (cache hit)
105 http cache tar@https://registry.npmjs.org/tar/-/tar-7.5.22.tgz 0ms (cache hit)
106 http cache prompts@https://registry.npmjs.org/prompts/-/prompts-2.4.2.tgz 0ms (cache hit)
107 http cache mustache@https://registry.npmjs.org/mustache/-/mustache-4.2.0.tgz 0ms (cache hit)
108 http cache kleur@https://registry.npmjs.org/kleur/-/kleur-4.1.5.tgz 0ms (cache hit)
109 http cache debug@https://registry.npmjs.org/debug/-/debug-4.4.3.tgz 0ms (cache hit)
110 http cache @capacitor/create-app@https://registry.npmjs.org/@capacitor/create-app/-/create-app-0.5.1.tgz 0ms (cache hit)
111 silly tarball no local data for minizlib@https://registry.npmjs.org/minizlib/-/minizlib-3.1.0.tgz. Extracting by manifest.
112 silly tarball no local data for minipass@https://registry.npmjs.org/minipass/-/minipass-7.1.3.tgz. Extracting by manifest.
113 silly tarball no local data for chownr@https://registry.npmjs.org/chownr/-/chownr-3.0.0.tgz. Extracting by manifest.
114 silly tarball no local data for yallist@https://registry.npmjs.org/yallist/-/yallist-5.0.0.tgz. Extracting by manifest.
115 silly tarball no local data for @isaacs/fs-minipass@https://registry.npmjs.org/@isaacs/fs-minipass/-/fs-minipass-4.0.1.tgz. Extracting by manifest.
116 silly tarball no local data for sisteransi@https://registry.npmjs.org/sisteransi/-/sisteransi-1.0.5.tgz. Extracting by manifest.
117 silly tarball no local data for ms@https://registry.npmjs.org/ms/-/ms-2.1.3.tgz. Extracting by manifest.
118 silly tarball no local data for tslib@https://registry.npmjs.org/tslib/-/tslib-2.8.1.tgz. Extracting by manifest.
119 silly tarball no local data for tar@https://registry.npmjs.org/tar/-/tar-7.5.22.tgz. Extracting by manifest.
120 silly tarball no local data for prompts@https://registry.npmjs.org/prompts/-/prompts-2.4.2.tgz. Extracting by manifest.
121 silly tarball no local data for mustache@https://registry.npmjs.org/mustache/-/mustache-4.2.0.tgz. Extracting by manifest.
122 silly tarball no local data for kleur@https://registry.npmjs.org/kleur/-/kleur-4.1.5.tgz. Extracting by manifest.
123 silly tarball no local data for debug@https://registry.npmjs.org/debug/-/debug-4.4.3.tgz. Extracting by manifest.
124 silly tarball no local data for @capacitor/create-app@https://registry.npmjs.org/@capacitor/create-app/-/create-app-0.5.1.tgz. Extracting by manifest.
125 http cache kleur@https://registry.npmjs.org/kleur/-/kleur-3.0.3.tgz 0ms (cache hit)
126 silly tarball no local data for kleur@https://registry.npmjs.org/kleur/-/kleur-3.0.3.tgz. Extracting by manifest.
127 http fetch GET 200 https://registry.npmjs.org/sisteransi/-/sisteransi-1.0.5.tgz 268ms (cache miss)
128 http fetch POST 200 https://registry.npmjs.org/-/npm/v1/security/advisories/bulk 341ms
129 silly audit report {}
130 http fetch GET 200 https://registry.npmjs.org/kleur/-/kleur-3.0.3.tgz 240ms (cache miss)
131 http fetch GET 200 https://registry.npmjs.org/chownr/-/chownr-3.0.0.tgz 333ms (cache miss)
132 http fetch GET 200 https://registry.npmjs.org/@isaacs/fs-minipass/-/fs-minipass-4.0.1.tgz 342ms (cache miss)
133 http fetch GET 200 https://registry.npmjs.org/minipass/-/minipass-7.1.3.tgz 382ms (cache miss)
134 http fetch GET 200 https://registry.npmjs.org/yallist/-/yallist-5.0.0.tgz 380ms (cache miss)
135 http fetch GET 200 https://registry.npmjs.org/minizlib/-/minizlib-3.1.0.tgz 389ms (cache miss)
136 http fetch GET 200 https://registry.npmjs.org/ms/-/ms-2.1.3.tgz 501ms (cache miss)
137 http fetch GET 200 https://registry.npmjs.org/tslib/-/tslib-2.8.1.tgz 503ms (cache miss)
138 http fetch GET 200 https://registry.npmjs.org/kleur/-/kleur-4.1.5.tgz 609ms (cache miss)
139 http fetch GET 200 https://registry.npmjs.org/debug/-/debug-4.4.3.tgz 631ms (cache miss)
140 http fetch GET 200 https://registry.npmjs.org/mustache/-/mustache-4.2.0.tgz 657ms (cache miss)
141 http fetch GET 200 https://registry.npmjs.org/prompts/-/prompts-2.4.2.tgz 691ms (cache miss)
142 http fetch GET 200 https://registry.npmjs.org/@capacitor/create-app/-/create-app-0.5.1.tgz 951ms (cache miss)
143 http fetch GET 200 https://registry.npmjs.org/tar/-/tar-7.5.22.tgz 1101ms (cache miss)
144 verbose stack Error: command failed
144 verbose stack     at promiseSpawn (/data/data/com.termux/files/usr/lib/node_modules/npm/node_modules/@npmcli/promise-spawn/lib/index.js:22:22)
144 verbose stack     at spawnWithShell (/data/data/com.termux/files/usr/lib/node_modules/npm/node_modules/@npmcli/promise-spawn/lib/index.js:124:10)
144 verbose stack     at promiseSpawn (/data/data/com.termux/files/usr/lib/node_modules/npm/node_modules/@npmcli/promise-spawn/lib/index.js:12:12)
144 verbose stack     at runScriptPkg (/data/data/com.termux/files/usr/lib/node_modules/npm/node_modules/@npmcli/run-script/lib/run-script-pkg.js:79:13)
144 verbose stack     at runScript (/data/data/com.termux/files/usr/lib/node_modules/npm/node_modules/@npmcli/run-script/lib/run-script.js:9:12)
144 verbose stack     at run (/data/data/com.termux/files/usr/lib/node_modules/npm/node_modules/libnpmexec/lib/run-script.js:62:10)
144 verbose stack     at async exec (/data/data/com.termux/files/usr/lib/node_modules/npm/node_modules/libnpmexec/lib/index.js:329:10)
144 verbose stack     at async Init.execCreate (/data/data/com.termux/files/usr/lib/node_modules/npm/lib/commands/init.js:141:5)
144 verbose stack     at async Init.exec (/data/data/com.termux/files/usr/lib/node_modules/npm/lib/commands/init.js:46:14)
144 verbose stack     at async Npm.exec (/data/data/com.termux/files/usr/lib/node_modules/npm/lib/npm.js:193:9)
145 error code 1
146 error path /data/data/com.termux/files/home
147 error command failed
148 error command sh -c 'create-capacitor-app'
149 verbose cwd /data/data/com.termux/files/home
150 verbose os Linux 5.4.289-qgki-gf6cb1f712a6e
151 verbose node v26.4.0
152 verbose npm  v11.19.1
153 notice
153 notice New [31mmajor[39m version of npm available! [31m11.19.1[39m -> [34m12.0.2[39m
153 notice Changelog: [34mhttps://github.com/npm/cli/releases/tag/v12.0.2[39m
153 notice To update run: [4mnpm install -g npm@12.0.2[24m
153 notice  { force: true, Symbol(proc-log.meta): true }
154 verbose exit 1
155 verbose code 1
156 error A complete log of this run can be found in: /data/data/com.termux/files/home/.npm/_logs/2026-09-22T11_03_14_419Z-debug-0.log
