0 verbose cli /data/data/com.termux/files/usr/bin/node /data/data/com.termux/files/usr/bin/npm
1 info using npm@11.19.1
2 info using node@v26.4.0
3 silly config load:file:/data/data/com.termux/files/usr/lib/node_modules/npm/npmrc
4 silly config load:file:/data/data/com.termux/files/home/.npmrc
5 silly config load:file:/data/data/com.termux/files/usr/etc/npmrc
6 verbose title npm init @capacitor/app
7 verbose argv "init" "@capacitor/app"
8 verbose logfile logs-max:10 dir:/data/data/com.termux/files/home/.npm/_logs/2026-09-22T11_07_54_166Z-
9 verbose logfile /data/data/com.termux/files/home/.npm/_logs/2026-09-22T11_07_54_166Z-debug-0.log
10 silly logfile done cleaning log files
11 silly packumentCache heap:1174405120 maxSize:293601280 maxEntrySize:146800640
12 http fetch GET 200 https://registry.npmjs.org/@capacitor%2fcreate-app 1061ms (cache revalidated)
13 silly packumentCache heap:1174405120 maxSize:293601280 maxEntrySize:146800640
14 verbose cwd /data/data/com.termux/files/home
15 verbose os Linux 5.4.289-qgki-gf6cb1f712a6e
16 verbose node v26.4.0
17 verbose npm  v11.19.1
18 verbose exit 0
19 info ok
